23:44:48 **** Incremental Build of configuration Debug for project Lab1_Ex2 ****
make -j4 all 
arm-none-eabi-gcc "../Core/Src/main.c" -mcpu=cortex-m3 -std=gnu11 -g3 -DDEBUG -DUSE_HAL_DRIVER -DSTM32F103x6 -c -I../Core/Inc -I../Drivers/STM32F1xx_HAL_Driver/Inc -I../Drivers/STM32F1xx_HAL_Driver/Inc/Legacy -I../Drivers/CMSIS/Device/ST/STM32F1xx/Include -I../Drivers/CMSIS/Include -O0 -ffunction-sections -fdata-sections -Wall -fstack-usage -MMD -MP -MF"Core/Src/main.d" -MT"Core/Src/main.o" --specs=nano.specs -mfloat-abi=soft -mthumb -o "Core/Src/main.o"
arm-none-eabi-gcc -o "Lab1_Ex2.elf" @"objects.list"   -mcpu=cortex-m3 -T"F:\Minh Duc\STUDY\HCMUT\Junior\221\MPU - MCU\Labs\Lab Exercises\Lab 1\Lab1_Ex2\STM32F103C6UX_FLASH.ld" --specs=nosys.specs -Wl,-Map="Lab1_Ex2.map" -Wl,--gc-sections -static --specs=nano.specs -mfloat-abi=soft -mthumb -Wl,--start-group -lc -lm -Wl,--end-group
Finished building target: Lab1_Ex2.elf
 
arm-none-eabi-size   Lab1_Ex2.elf 
arm-none-eabi-objdump -h -S  Lab1_Ex2.elf  > "Lab1_Ex2.list"
arm-none-eabi-objcopy  -O ihex  Lab1_Ex2.elf  "Lab1_Ex2.hex"
arm-none-eabi-objcopy  -O binary  Lab1_Ex2.elf  "Lab1_Ex2.bin"
   text	   data	    bss	    dec	    hex	filename
   4732	     20	   1572	   6324	   18b4	Lab1_Ex2.elf
Finished building: default.size.stdout
 
Finished building: Lab1_Ex2.bin
Finished building: Lab1_Ex2.list
Finished building: Lab1_Ex2.hex
 
 
 

23:44:51 Build Finished. 0 errors, 0 warnings. (took 2s.726ms)

