21:16:24 **** Incremental Build of configuration Debug for project Lab1_Template ****
make -j4 all 
arm-none-eabi-gcc "../Core/Src/main.c" -mcpu=cortex-m3 -std=gnu11 -g3 -DDEBUG -DUSE_HAL_DRIVER -DSTM32F103x6 -c -I../Core/Inc -I../Drivers/STM32F1xx_HAL_Driver/Inc -I../Drivers/STM32F1xx_HAL_Driver/Inc/Legacy -I../Drivers/CMSIS/Device/ST/STM32F1xx/Include -I../Drivers/CMSIS/Include -O0 -ffunction-sections -fdata-sections -Wall -fstack-usage -MMD -MP -MF"Core/Src/main.d" -MT"Core/Src/main.o" --specs=nano.specs -mfloat-abi=soft -mthumb -o "Core/Src/main.o"
arm-none-eabi-gcc -o "Lab1_Template.elf" @"objects.list"   -mcpu=cortex-m3 -T"F:\Minh Duc\STUDY\HCMUT\Junior\221\MPU - MCU\Labs\Lab Exercises\Lab 1\Lab1_Template\STM32F103C6UX_FLASH.ld" --specs=nosys.specs -Wl,-Map="Lab1_Template.map" -Wl,--gc-sections -static --specs=nano.specs -mfloat-abi=soft -mthumb -Wl,--start-group -lc -lm -Wl,--end-group
Finished building target: Lab1_Template.elf
 
arm-none-eabi-size   Lab1_Template.elf 
arm-none-eabi-objdump -h -S  Lab1_Template.elf  > "Lab1_Template.list"
arm-none-eabi-objcopy  -O ihex  Lab1_Template.elf  "Lab1_Template.hex"
arm-none-eabi-objcopy  -O binary  Lab1_Template.elf  "Lab1_Template.bin"
   text	   data	    bss	    dec	    hex	filename
   4688	     20	   1572	   6280	   1888	Lab1_Template.elf
Finished building: default.size.stdout
 
Finished building: Lab1_Template.bin
Finished building: Lab1_Template.hex
Finished building: Lab1_Template.list
 
 
 

21:16:26 Build Finished. 0 errors, 0 warnings. (took 1s.658ms)

